// Jest Snapshot v1, https://goo.gl/fbAQLP

exports[`Components - Table Should render correctly 1`] = `
<DocumentFragment>
  <div
    class="sc-htpNat fXqbef"
  >
    <div
      class="sc-bwzfXH VVOgA"
    >
      <button
        type="button"
      >
        <svg
          aria-hidden="true"
          class="sc-bdVaJa iJCmgd"
          color="#0091ED9B"
          fill="none"
          focusable="false"
          height="24"
          stroke="currentColor"
          stroke-linecap="round"
          stroke-linejoin="round"
          viewBox="0 0 24 24"
          width="24"
          xmlns="http://www.w3.org/2000/svg"
        >
          <circle
            cx="11"
            cy="11"
            r="8"
          />
          <line
            x1="21"
            x2="16.65"
            y1="21"
            y2="16.65"
          />
        </svg>
      </button>
      <input
        placeholder="Search something..."
      />
    </div>
    <table
      class="sc-bxivhb lnGjjs"
    >
      <thead>
        <tr>
          <th
            class="sc-ifAKCX eLAIso"
          >
            symbol
          </th>
          <th
            class="sc-ifAKCX eLAIso"
          >
            name
          </th>
          <th
            class="sc-ifAKCX eLAIso"
          >
            price
          </th>
        </tr>
      </thead>
      <tbody>
        <tr>
          <td
            class="sc-EHOje jwqwWK"
          >
            SPY
          </td>
          <td
            class="sc-EHOje jwqwWK"
          >
            SPDR S&P 500
          </td>
          <td
            class="sc-EHOje jwqwWK"
          >
            $ 314.48
          </td>
        </tr>
        <tr>
          <td
            class="sc-EHOje jwqwWK"
          >
            KMI
          </td>
          <td
            class="sc-EHOje jwqwWK"
          >
            Kinder Morgan Inc.
          </td>
          <td
            class="sc-EHOje jwqwWK"
          >
            $ 19.61
          </td>
        </tr>
        <tr>
          <td
            class="sc-EHOje jwqwWK"
          >
            INTC
          </td>
          <td
            class="sc-EHOje jwqwWK"
          >
            Intel Corporation
          </td>
          <td
            class="sc-EHOje jwqwWK"
          >
            $ 58.09
          </td>
        </tr>
        <tr>
          <td
            class="sc-EHOje jwqwWK"
          >
            MU
          </td>
          <td
            class="sc-EHOje jwqwWK"
          >
            Micron Technology Inc.
          </td>
          <td
            class="sc-EHOje jwqwWK"
          >
            $ 47.59
          </td>
        </tr>
      </tbody>
    </table>
  </div>
</DocumentFragment>
`;
